// Jest Snapshot v1, https://goo.gl/fbAQLP

exports[`SortBar Renders correctly 1`] = `
<v-toolbar-stub tag="header" tile="true" dense="true" extensionheight="48" src="">
  <v-menu-stub opendelay="0" closedelay="0" contentclass="" maxwidth="auto" nudgebottom="0" nudgeleft="0" nudgeright="0" nudgetop="0" nudgewidth="0" openonclick="true" closeonclick="true" closeoncontentclick="true" maxheight="auto" origin="top left" transition="v-menu-transition">
    <v-list-stub tag="div" tile="true">
      <v-list-item-stub activeclass="" tag="div">
        <v-list-item-title-stub>new</v-list-item-title-stub>
      </v-list-item-stub>
      <v-list-item-stub activeclass="" tag="div">
        <v-list-item-title-stub>popular</v-list-item-title-stub>
      </v-list-item-stub>
    </v-list-stub>
  </v-menu-stub>
  <v-btn-stub tag="button" activeclass="" type="button">
    <v-icon-stub>mdi-sort-descending</v-icon-stub>
  </v-btn-stub>
  <v-spacer-stub></v-spacer-stub>
  <v-spacer-stub></v-spacer-stub>
  <v-spacer-stub></v-spacer-stub>
  <v-btn-toggle-stub value="0" activeclass="v-item--active" mandatory="true">
    <v-btn-stub tag="button" activeclass="" type="button" default="">
      <v-icon-stub>mdi-view-grid</v-icon-stub>
    </v-btn-stub>
    <v-btn-stub tag="button" activeclass="" type="button">
      <v-icon-stub>mdi-view-list</v-icon-stub>
    </v-btn-stub>
  </v-btn-toggle-stub>
</v-toolbar-stub>
`;
